10:02:18 **** Incremental Build of configuration Debug for project RCsemiSTM32F4_Ver500 ****
make all 
Building file: ../src/adc.cpp
Invoking: MCU G++ Compiler
%cd%
arm-none-eabi-g++ -mcpu=cortex-m4 -mthumb -mfloat-abi=hard -mfpu=fpv4-sp-d16 -DSTM32F407VGTx -DSTM32F4 -DSTM32F4DISCOVERY -DSTM32 -DDEBUG -DUSE_HAL_DRIVER -DSTM32F407xx -DINCLUDE_FATFS -I"D:/MicroController/STM32F4/STM32F4-MotherBoard_5.0.0/RCsemiSTM32F4_Ver500/RCsemiSTM32F4_Ver500/inc" -I"D:/MicroController/STM32F4/STM32F4-MotherBoard_5.0.0/RCsemiSTM32F4_Ver500/RCsemiSTM32F4_Ver500/CMSIS/core" -I"D:/MicroController/STM32F4/STM32F4-MotherBoard_5.0.0/RCsemiSTM32F4_Ver500/RCsemiSTM32F4_Ver500/CMSIS/device" -I"D:/MicroController/STM32F4/STM32F4-MotherBoard_5.0.0/RCsemiSTM32F4_Ver500/RCsemiSTM32F4_Ver500/HAL_Driver/Inc/Legacy" -I"D:/MicroController/STM32F4/STM32F4-MotherBoard_5.0.0/RCsemiSTM32F4_Ver500/RCsemiSTM32F4_Ver500/HAL_Driver/Inc" -I"D:/MicroController/STM32F4/STM32F4-MotherBoard_5.0.0/RCsemiSTM32F4_Ver500/RCsemiSTM32F4_Ver500/Utilities/Components/ampire480272" -I"D:/MicroController/STM32F4/STM32F4-MotherBoard_5.0.0/RCsemiSTM32F4_Ver500/RCsemiSTM32F4_Ver500/Utilities/Components/ampire640480" -I"D:/MicroController/STM32F4/STM32F4-MotherBoard_5.0.0/RCsemiSTM32F4_Ver500/RCsemiSTM32F4_Ver500/Utilities/Components/Common" -I"D:/MicroController/STM32F4/STM32F4-MotherBoard_5.0.0/RCsemiSTM32F4_Ver500/RCsemiSTM32F4_Ver500/Utilities/Components/cs43l22" -I"D:/MicroController/STM32F4/STM32F4-MotherBoard_5.0.0/RCsemiSTM32F4_Ver500/RCsemiSTM32F4_Ver500/Utilities/Components/exc7200" -I"D:/MicroController/STM32F4/STM32F4-MotherBoard_5.0.0/RCsemiSTM32F4_Ver500/RCsemiSTM32F4_Ver500/Utilities/Components/ft6x06" -I"D:/MicroController/STM32F4/STM32F4-MotherBoard_5.0.0/RCsemiSTM32F4_Ver500/RCsemiSTM32F4_Ver500/Utilities/Components/ili9325" -I"D:/MicroController/STM32F4/STM32F4-MotherBoard_5.0.0/RCsemiSTM32F4_Ver500/RCsemiSTM32F4_Ver500/Utilities/Components/ili9341" -I"D:/MicroController/STM32F4/STM32F4-MotherBoard_5.0.0/RCsemiSTM32F4_Ver500/RCsemiSTM32F4_Ver500/Utilities/Components/l3gd20" -I"D:/MicroController/STM32F4/STM32F4-MotherBoard_5.0.0/RCsemiSTM32F4_Ver500/RCsemiSTM32F4_Ver500/Utilities/Components/lis302dl" -I"D:/MicroController/STM32F4/STM32F4-MotherBoard_5.0.0/RCsemiSTM32F4_Ver500/RCsemiSTM32F4_Ver500/Utilities/Components/lis3dsh" -I"D:/MicroController/STM32F4/STM32F4-MotherBoard_5.0.0/RCsemiSTM32F4_Ver500/RCsemiSTM32F4_Ver500/Utilities/Components/ls016b8uy" -I"D:/MicroController/STM32F4/STM32F4-MotherBoard_5.0.0/RCsemiSTM32F4_Ver500/RCsemiSTM32F4_Ver500/Utilities/Components/lsm303dlhc" -I"D:/MicroController/STM32F4/STM32F4-MotherBoard_5.0.0/RCsemiSTM32F4_Ver500/RCsemiSTM32F4_Ver500/Utilities/Components/mfxstm32l152" -I"D:/MicroController/STM32F4/STM32F4-MotherBoard_5.0.0/RCsemiSTM32F4_Ver500/RCsemiSTM32F4_Ver500/Utilities/Components/n25q128a" -I"D:/MicroController/STM32F4/STM32F4-MotherBoard_5.0.0/RCsemiSTM32F4_Ver500/RCsemiSTM32F4_Ver500/Utilities/Components/n25q256a" -I"D:/MicroController/STM32F4/STM32F4-MotherBoard_5.0.0/RCsemiSTM32F4_Ver500/RCsemiSTM32F4_Ver500/Utilities/Components/n25q512a" -I"D:/MicroController/STM32F4/STM32F4-MotherBoard_5.0.0/RCsemiSTM32F4_Ver500/RCsemiSTM32F4_Ver500/Utilities/Components/otm8009a" -I"D:/MicroController/STM32F4/STM32F4-MotherBoard_5.0.0/RCsemiSTM32F4_Ver500/RCsemiSTM32F4_Ver500/Utilities/Components/ov2640" -I"D:/MicroController/STM32F4/STM32F4-MotherBoard_5.0.0/RCsemiSTM32F4_Ver500/RCsemiSTM32F4_Ver500/Utilities/Components/s25fl512s" -I"D:/MicroController/STM32F4/STM32F4-MotherBoard_5.0.0/RCsemiSTM32F4_Ver500/RCsemiSTM32F4_Ver500/Utilities/Components/s5k5cag" -I"D:/MicroController/STM32F4/STM32F4-MotherBoard_5.0.0/RCsemiSTM32F4_Ver500/RCsemiSTM32F4_Ver500/Utilities/Components/st7735" -I"D:/MicroController/STM32F4/STM32F4-MotherBoard_5.0.0/RCsemiSTM32F4_Ver500/RCsemiSTM32F4_Ver500/Utilities/Components/st7789h2" -I"D:/MicroController/STM32F4/STM32F4-MotherBoard_5.0.0/RCsemiSTM32F4_Ver500/RCsemiSTM32F4_Ver500/Utilities/Components/stmpe1600" -I"D:/MicroController/STM32F4/STM32F4-MotherBoard_5.0.0/RCsemiSTM32F4_Ver500/RCsemiSTM32F4_Ver500/Utilities/Components/stmpe811" -I"D:/MicroController/STM32F4/STM32F4-MotherBoard_5.0.0/RCsemiSTM32F4_Ver500/RCsemiSTM32F4_Ver500/Utilities/Components/ts3510" -I"D:/MicroController/STM32F4/STM32F4-MotherBoard_5.0.0/RCsemiSTM32F4_Ver500/RCsemiSTM32F4_Ver500/Utilities/Components/wm8994" -I"D:/MicroController/STM32F4/STM32F4-MotherBoard_5.0.0/RCsemiSTM32F4_Ver500/RCsemiSTM32F4_Ver500/Utilities" -I"D:/MicroController/STM32F4/STM32F4-MotherBoard_5.0.0/RCsemiSTM32F4_Ver500/RCsemiSTM32F4_Ver500/Utilities/STM32F4-Discovery" -O0 -g3 -Wall -fmessage-length=0 -ffunction-sections -c -fno-exceptions -fno-rtti -MMD -MP -MF"src/adc.d" -MT"src/adc.o" -o "src/adc.o" "../src/adc.cpp"
../src/adc.cpp: In constructor 'RCsemi::adc::adc(RCsemi::ADC_MODE_Def)':
../src/adc.cpp:12:18: warning: variable 'ADC_InitStructure' set but not used [-Wunused-but-set-variable]
  ADC_InitTypeDef ADC_InitStructure;
                  ^
Finished building: ../src/adc.cpp
 
Building target: RCsemiSTM32F4_Ver500.elf
Invoking: MCU G++ Linker
arm-none-eabi-g++ -mcpu=cortex-m4 -mthumb -mfloat-abi=hard -mfpu=fpv4-sp-d16 -T"D:\MicroController\STM32F4\STM32F4-MotherBoard_5.0.0\RCsemiSTM32F4_Ver500\RCsemiSTM32F4_Ver500\LinkerScript.ld" -Wl,-Map=output.map -Wl,--gc-sections -fno-exceptions -fno-rtti -lm -o "RCsemiSTM32F4_Ver500.elf" @"objects.list"  
Finished building target: RCsemiSTM32F4_Ver500.elf
 
make --no-print-directory post-build
Generating binary and Printing size information:
arm-none-eabi-objcopy -O binary "RCsemiSTM32F4_Ver500.elf" "RCsemiSTM32F4_Ver500.bin"
arm-none-eabi-size "RCsemiSTM32F4_Ver500.elf"
   text	   data	    bss	    dec	    hex	filename
   1100	   1076	   1056	   3232	    ca0	RCsemiSTM32F4_Ver500.elf
 
